C51 COMPILER V9.54   DS1302                                                                11/01/2023 14:23:24 PAGE 1   


C51 COMPILER V9.54, COMPILATION OF MODULE DS1302
OBJECT MODULE PLACED IN .\Objects\DS1302.obj
COMPILER INVOKED BY: D:\Keil_v5\C51\BIN\C51.EXE DS1302.c OPTIMIZE(8,SPEED) BROWSE DEBUG OBJECTEXTEND PRINT(.\Listings\DS
                    -1302.lst) OBJECT(.\Objects\DS1302.obj)

line level    source

   1          #include <REGX52.H>
   2          
   3          //引脚定义
   4          sbit DS1302_SCLK =      P3^6;
   5          sbit DS1302_IO   =      P3^4;
   6          sbit DS1302_CE   =      P3^5;
   7          
   8          
   9          //寄存器写入地址/指令定义
  10          #define DS1302_YEAR     0x8C
  11          #define DS1302_MONTH    0x88
  12          #define DS1302_DATE     0x86
  13          
  14          #define DS1302_HOUR     0x84
  15          #define DS1302_MINUTE   0x82
  16          #define DS1302_SECOND   0x80
  17          
  18          #define DS1302_DAY              0x8A
  19          #define DS1302_WP               0x8E
  20          
  21          //时间数组，索引0~6分别为年、月、日、时、分、秒、星期
  22          extern  char DS1302_Time[]={23,11,1,0,0,0,1}; 
  23          
  24          
  25          /**
  26            * @brief   将一个字节转换为BCD码形式并返回
  27            * @param   DATA 要转换的一个字节
  28            * @retval  BCD码形式的一个字节
  29            
  30          */
  31          unsigned char BCD( char DATA)
  32          {
  33   1              return (DATA/10*16 + DATA%10) ;
  34   1      }
  35          
  36          
  37          /**
  38            * @brief   将一个BCD码形式的字节转换为十进制并返回
  39            * @param   DATA 要转换的一个字节
  40            * @retval  十进制形式的一个字节
  41          */
  42          unsigned char HEX(unsigned char DATA)
  43          {
  44   1              return (DATA/16*10 + DATA%16) ;
  45   1      }
  46           
  47          
  48          
  49          /**
  50            * @brief   DS1302初始化
  51            * @param   无
  52            * @retval  无
  53            
  54          */
C51 COMPILER V9.54   DS1302                                                                11/01/2023 14:23:24 PAGE 2   

  55          void DS1302_Init()
  56          {
  57   1              DS1302_CE=0;
  58   1              DS1302_SCLK=0;
  59   1      }
  60          
  61          
  62          
  63          
  64          /**
  65            * @brief   DS1302写一个字节
  66            * @param   Command 命令字/地址
  67            * @param   Data 要写入的数据
  68            * @retval  无
  69            
  70          */
  71          void DS1302_WriteByte(unsigned char Command,Data)
  72          {
  73   1              unsigned char i;
  74   1              DS1302_CE=1;
  75   1              
  76   1              //模拟时序，将命令字送入DS1302
  77   1              for(i=0;i<8;i++)
  78   1              {
  79   2                      DS1302_IO=Command & (0x01<<i);
  80   2                      DS1302_SCLK=1;
  81   2                      DS1302_SCLK=0;
  82   2              }
  83   1              
  84   1              //模拟时序，将要写入的数据送入DS1302
  85   1              for(i=0;i<8;i++)
  86   1              {
  87   2                      DS1302_IO=Data & (0x01<<i);
  88   2                      DS1302_SCLK=1;
  89   2                      DS1302_SCLK=0;
  90   2              }
  91   1              
  92   1              DS1302_CE=0;
  93   1      
  94   1      }
  95          
  96          
  97          
  98          
  99          /**
 100            * @brief   DS1302读一个字节
 101            * @param   Command 命令字/地址
 102            * @retval  读出的数据
 103            
 104          */      
 105          unsigned char DS1302_ReadByte(unsigned char Command)
 106          {
 107   1              unsigned char i,Data=0x00;
 108   1      
 109   1              Command |= 0x01;  //将指令转换为读指令,写的地址加一就是读的地址
 110   1              DS1302_CE=1;
 111   1              
 112   1              //模拟时序，将命令字送入DS1302
 113   1              for(i=0;i<8;i++)
 114   1              {
 115   2                      DS1302_IO=Command & (0x01<<i);
 116   2                      DS1302_SCLK=0;
C51 COMPILER V9.54   DS1302                                                                11/01/2023 14:23:24 PAGE 3   

 117   2                      DS1302_SCLK=1;
 118   2              }
 119   1              
 120   1              //模拟时序，读取DS1302送出的数据
 121   1              for(i=0;i<8;i++)
 122   1              {       
 123   2                      DS1302_SCLK=1;
 124   2                      DS1302_SCLK=0;
 125   2                      
 126   2                      if(DS1302_IO!=0)
 127   2                      {
 128   3                              Data |= (0x01<<i);
 129   3                      }
 130   2              }
 131   1              
 132   1              DS1302_CE=0;
 133   1              DS1302_IO=0;  //读取后将IO设置为0，否则读出的数据会出错
 134   1              
 135   1              return Data;
 136   1      }
 137          
 138          
 139          /**
 140            * @brief   DS1302设置时间，调用之后，DS1302_Time数组的数字会被设置到DS1302中
 141            * @param   无
 142            * @retval  无
 143            
 144          */
 145          void DS1302_SetTime()
 146          {
 147   1              DS1302_WriteByte(DS1302_WP,0x00);  //WP置0：解除芯片写入保护
 148   1              
 149   1              DS1302_WriteByte (DS1302_YEAR,  BCD (DS1302_Time[0]));  //十进制转BCD码后写入
 150   1              DS1302_WriteByte (DS1302_MONTH, BCD (DS1302_Time[1]));
 151   1              DS1302_WriteByte (DS1302_DATE,  BCD (DS1302_Time[2]));
 152   1              DS1302_WriteByte (DS1302_HOUR,  BCD (DS1302_Time[3]));
 153   1              DS1302_WriteByte (DS1302_MINUTE,BCD (DS1302_Time[4]));
 154   1              DS1302_WriteByte (DS1302_SECOND,BCD (DS1302_Time[5]));
 155   1              DS1302_WriteByte (DS1302_DAY,   BCD (DS1302_Time[6]));
 156   1      
 157   1              DS1302_WriteByte(DS1302_WP,0x80);  //打开写入保护
 158   1      }
 159          
 160          
 161          
 162          /**
 163            * @brief   DS1302读取时间，调用之后，DS1302中的数据会被读取到DS1302_Time数组中
 164            * @param   无
 165            * @retval  无
 166            
 167          */
 168          void DS1302_ReadTime()
 169          {
 170   1              DS1302_Time[0] = HEX (DS1302_ReadByte (DS1302_YEAR       ));   //BCD码转十进制后读取
 171   1              DS1302_Time[1] = HEX (DS1302_ReadByte (DS1302_MONTH      ));
 172   1              DS1302_Time[2] = HEX (DS1302_ReadByte (DS1302_DATE       ));
 173   1              DS1302_Time[3] = HEX (DS1302_ReadByte (DS1302_HOUR       ));
 174   1              DS1302_Time[4] = HEX (DS1302_ReadByte (DS1302_MINUTE ));
 175   1              DS1302_Time[5] = HEX (DS1302_ReadByte (DS1302_SECOND ));
 176   1              DS1302_Time[6] = HEX (DS1302_ReadByte (DS1302_DAY        ));
 177   1              
 178   1      }
C51 COMPILER V9.54   DS1302                                                                11/01/2023 14:23:24 PAGE 4   

 179          
 180          
 181          
 182          


MODULE INFORMATION:   STATIC OVERLAYABLE
   CODE SIZE        =    387    ----
   CONSTANT SIZE    =   ----    ----
   XDATA SIZE       =   ----    ----
   PDATA SIZE       =   ----    ----
   DATA SIZE        =      7       2
   IDATA SIZE       =   ----    ----
   BIT SIZE         =   ----    ----
END OF MODULE INFORMATION.


C51 COMPILATION COMPLETE.  0 WARNING(S),  0 ERROR(S)
