C51 COMPILER V9.54   MAIN                                                                  10/13/2023 03:38:36 PAGE 1   


C51 COMPILER V9.54, COMPILATION OF MODULE MAIN
OBJECT MODULE PLACED IN .\Objects\main.obj
COMPILER INVOKED BY: D:\Keil_v5\C51\BIN\C51.EXE main.c OPTIMIZE(8,SPEED) BROWSE DEBUG OBJECTEXTEND PRINT(.\Listings\main
                    -.lst) TABS(2) OBJECT(.\Objects\main.obj)

line level    source

   1          #include <REGX52.H>
   2          #include <INTRINS.H>
   3          
   4          
   5          void Delay100ms()   //@12.000MHz
   6          {
   7   1        unsigned char i, j;
   8   1      
   9   1        i = 195;
  10   1        j = 138;
  11   1        do
  12   1        {
  13   2          while (--j);
  14   2        } while (--i);
  15   1      }
  16          
  17          
  18          void main()
  19          {
  20   1        while(1)
  21   1        {
  22   2          P2=0xFE;
  23   2          Delay100ms();
  24   2          
  25   2          
  26   2          P2=0xFD;
  27   2          Delay100ms();
  28   2          
  29   2          
  30   2          P2=0xFB;
  31   2          Delay100ms();
  32   2          
  33   2          
  34   2          P2=0xF7;
  35   2          Delay100ms();
  36   2          
  37   2          
  38   2          P2=0xEF;
  39   2          Delay100ms();
  40   2          
  41   2          
  42   2          P2=0xDF;
  43   2          Delay100ms();
  44   2          
  45   2          
  46   2          P2=0xBF;
  47   2          Delay100ms();
  48   2          
  49   2          P2=0x7F;
  50   2          Delay100ms();
  51   2          
  52   2        }
  53   1      }

C51 COMPILER V9.54   MAIN                                                                  10/13/2023 03:38:36 PAGE 2   


MODULE INFORMATION:   STATIC OVERLAYABLE
   CODE SIZE        =     59    ----
   CONSTANT SIZE    =   ----    ----
   XDATA SIZE       =   ----    ----
   PDATA SIZE       =   ----    ----
   DATA SIZE        =   ----    ----
   IDATA SIZE       =   ----    ----
   BIT SIZE         =   ----    ----
END OF MODULE INFORMATION.


C51 COMPILATION COMPLETE.  0 WARNING(S),  0 ERROR(S)
