C51 COMPILER V9.54   UART                                                                  10/27/2023 23:18:27 PAGE 1   


C51 COMPILER V9.54, COMPILATION OF MODULE UART
OBJECT MODULE PLACED IN .\Objects\UART.obj
COMPILER INVOKED BY: D:\Keil_v5\C51\BIN\C51.EXE UART.c OPTIMIZE(8,SPEED) BROWSE DEBUG OBJECTEXTEND PRINT(.\Listings\UART
                    -.lst) OBJECT(.\Objects\UART.obj)

line level    source

   1          #include <REGX52.H>
   2          
   3          
   4          
   5          
   6          void UART_Init()        //4800bps@11.0592MHz
   7          {
   8   1              SCON = 0x40;
   9   1              PCON |= 0x80;   //使能波特率倍速位SMOD
  10   1              
  11   1              TMOD&=0x0F;             //清除定时器1模式位
  12   1              TMOD|=0x20;     //定时器1八位自动重载，当溢出时将TH1存放的值自动重装入TL1
  13   1              
  14   1              TL1 = 0xF4;             //设定定时初值
  15   1              TH1 = 0xF4;             //设定定时器重装值
  16   1              
  17   1              ET1 = 0;                //禁止定时器1中断
  18   1              TR1 = 1;                //启动定时器1
  19   1      }
  20          
  21          
  22          
  23          void UART_SendByte(unsigned char Byte)
  24          {
  25   1              SBUF=Byte;
  26   1              while(TI==0);  //TI等于1时说明发送完成
  27   1              TI=0;              //只能软件复位TI
  28   1      }


MODULE INFORMATION:   STATIC OVERLAYABLE
   CODE SIZE        =     31    ----
   CONSTANT SIZE    =   ----    ----
   XDATA SIZE       =   ----    ----
   PDATA SIZE       =   ----    ----
   DATA SIZE        =   ----    ----
   IDATA SIZE       =   ----    ----
   BIT SIZE         =   ----    ----
END OF MODULE INFORMATION.


C51 COMPILATION COMPLETE.  0 WARNING(S),  0 ERROR(S)
